205.186.183.113 - - [25/Oct/2010:21:00:02 -0700] "POST /all-nighter.com/wp-cron.php?doing_wp_cron HTTP/1.0" 200 - "-" "WordPress/3.0.1; http://all-nighter.com"
96.238.43.133 - - [25/Oct/2010:21:00:05 -0700] "GET /all-nighter.com/werecommend/love-thy-neighbor/ HTTP/1.1" 200 4379 "http://all-nighter.com/category/events/" "Mozilla/5.0 (Macintosh; U; Intel Mac OS X 10_5_8; en-US) AppleWebKit/534.7 (KHTML, like Gecko) Chrome/7.0.517.41 Safari/534.7"
96.238.43.133 - - [25/Oct/2010:21:00:12 -0700] "POST /all-nighter.com/wp-admin/admin-ajax.php HTTP/1.1" 200 158 "http://all-nighter.com/wp-admin/post.php?post=2345&action=edit&message=1" "Mozilla/5.0 (Macintosh; U; Intel Mac OS X 10_5_8; en-US) AppleWebKit/534.7 (KHTML, like Gecko) Chrome/7.0.517.41 Safari/534.7"
96.238.43.133 - - [25/Oct/2010:21:00:40 -0700] "GET /all-nighter.com/category/events/ HTTP/1.1" 200 5717 "http://all-nighter.com/werecommend/love-thy-neighbor/" "Mozilla/5.0 (Macintosh; U; Intel Mac OS X 10_5_8; en-US) AppleWebKit/534.7 (KHTML, like Gecko) Chrome/7.0.517.41 Safari/534.7"
96.238.43.133 - - [25/Oct/2010:21:01:12 -0700] "POST /all-nighter.com/wp-admin/admin-ajax.php HTTP/1.1" 200 158 "http://all-nighter.com/wp-admin/post.php?post=2345&action=edit&message=1" "Mozilla/5.0 (Macintosh; U; Intel Mac OS X 10_5_8; en-US) AppleWebKit/534.7 (KHTML, like Gecko) Chrome/7.0.517.41 Safari/534.7"
96.238.43.133 - - [25/Oct/2010:21:01:17 -0700] "GET /all-nighter.com/category/events/ HTTP/1.1" 200 5717 "-" "Mozilla/5.0 (Macintosh; U; Intel Mac OS X 10_5_8; en-US) AppleWebKit/534.7 (KHTML, like Gecko) Chrome/7.0.517.41 Safari/534.7"
96.238.43.133 - - [25/Oct/2010:21:01:19 -0700] "GET /all-nighter.com/wp-content/uploads/2010/10/lovethyneighbor_thumb.jpg HTTP/1.1" 304 - "http://all-nighter.com/category/events/" "Mozilla/5.0 (Macintosh; U; Intel Mac OS X 10_5_8; en-US) AppleWebKit/534.7 (KHTML, like Gecko) Chrome/7.0.517.41 Safari/534.7"
96.238.43.133 - - [25/Oct/2010:21:01:28 -0700] "GET /all-nighter.com/werecommend/love-thy-neighbor/ HTTP/1.1" 200 4379 "http://all-nighter.com/category/events/" "Mozilla/5.0 (Macintosh; U; Intel Mac OS X 10_5_8; en-US) AppleWebKit/534.7 (KHTML, like Gecko) Chrome/7.0.517.41 Safari/534.7"
96.238.43.133 - - [25/Oct/2010:21:01:29 -0700] "GET /all-nighter.com/wp-content/uploads/2010/10/lovethyneighborposter1.jpg HTTP/1.1" 304 - "http://all-nighter.com/werecommend/love-thy-neighbor/" "Mozilla/5.0 (Macintosh; U; Intel Mac OS X 10_5_8; en-US) AppleWebKit/534.7 (KHTML, like Gecko) Chrome/7.0.517.41 Safari/534.7"
96.238.43.133 - - [25/Oct/2010:21:02:12 -0700] "POST /all-nighter.com/wp-admin/admin-ajax.php HTTP/1.1" 200 158 "http://all-nighter.com/wp-admin/post.php?post=2345&action=edit&message=1" "Mozilla/5.0 (Macintosh; U; Intel Mac OS X 10_5_8; en-US) AppleWebKit/534.7 (KHTML, like Gecko) Chrome/7.0.517.41 Safari/534.7"
96.238.43.133 - - [25/Oct/2010:21:03:12 -0700] "POST /all-nighter.com/wp-admin/admin-ajax.php HTTP/1.1" 200 158 "http://all-nighter.com/wp-admin/post.php?post=2345&action=edit&message=1" "Mozilla/5.0 (Macintosh; U; Intel Mac OS X 10_5_8; en-US) AppleWebKit/534.7 (KHTML, like Gecko) Chrome/7.0.517.41 Safari/534.7"
96.238.43.133 - - [25/Oct/2010:21:04:12 -0700] "POST /all-nighter.com/wp-admin/admin-ajax.php HTTP/1.1" 200 158 "http://all-nighter.com/wp-admin/post.php?post=2345&action=edit&message=1" "Mozilla/5.0 (Macintosh; U; Intel Mac OS X 10_5_8; en-US) AppleWebKit/534.7 (KHTML, like Gecko) Chrome/7.0.517.41 Safari/534.7"
96.238.43.133 - - [25/Oct/2010:21:05:12 -0700] "POST /all-nighter.com/wp-admin/admin-ajax.php HTTP/1.1" 200 158 "http://all-nighter.com/wp-admin/post.php?post=2345&action=edit&message=1" "Mozilla/5.0 (Macintosh; U; Intel Mac OS X 10_5_8; en-US) AppleWebKit/534.7 (KHTML, like Gecko) Chrome/7.0.517.41 Safari/534.7"
77.88.43.26 - - [25/Oct/2010:21:05:31 -0700] "GET /all-nighter.com/news/candlelight-for-change/feed/ HTTP/1.1" 200 451 "-" "Mozilla/5.0 (compatible; YandexBot/3.0; +http://yandex.com/bots)"
77.88.43.26 - - [25/Oct/2010:21:05:45 -0700] "GET /all-nighter.com/tag/jean-blackburn/feed/ HTTP/1.1" 302 20 "-" "Mozilla/5.0 (compatible; YandexBot/3.0; +http://yandex.com/bots)"
77.88.43.26 - - [25/Oct/2010:21:05:48 -0700] "GET /all-nighter.com/tag/pizza/feed/ HTTP/1.1" 302 20 "-" "Mozilla/5.0 (compatible; YandexBot/3.0; +http://yandex.com/bots)"
206.113.193.50 - - [25/Oct/2010:21:06:12 -0700] "GET /all-nighter.com/robots.txt HTTP/1.1" 200 86 "-" "BlogPulseLive (support@blogpulse.com)"
96.238.43.133 - - [25/Oct/2010:21:06:12 -0700] "POST /all-nighter.com/wp-admin/admin-ajax.php HTTP/1.1" 200 158 "http://all-nighter.com/wp-admin/post.php?post=2345&action=edit&message=1" "Mozilla/5.0 (Macintosh; U; Intel Mac OS X 10_5_8; en-US) AppleWebKit/534.7 (KHTML, like Gecko) Chrome/7.0.517.41 Safari/534.7"
206.113.193.50 - - [25/Oct/2010:21:06:13 -0700] "GET /all-nighter.com/ HTTP/1.1" 200 6692 "-" "BlogPulseLive (support@blogpulse.com)"
96.238.43.133 - - [25/Oct/2010:21:07:12 -0700] "POST /all-nighter.com/wp-admin/admin-ajax.php HTTP/1.1" 200 158 "http://all-nighter.com/wp-admin/post.php?post=2345&action=edit&message=1" "Mozilla/5.0 (Macintosh; U; Intel Mac OS X 10_5_8; en-US) AppleWebKit/534.7 (KHTML, like Gecko) Chrome/7.0.517.41 Safari/534.7"
72.195.135.178 - - [25/Oct/2010:21:07:41 -0700] "GET /all-nighter.com/category/events/ HTTP/1.1" 200 5717 "-" "Mozilla/5.0 (Macintosh; U; Intel Mac OS X 10_5_8; en-us) AppleWebKit/533.18.1 (KHTML, like Gecko) Version/5.0.2 Safari/533.18.5"
72.195.135.178 - - [25/Oct/2010:21:07:43 -0700] "GET /all-nighter.com/wp-content/plugins/nextgen-gallery/shutter/shutter-reloaded.css?ver=1.3.0 HTTP/1.1" 200 1503 "http://all-nighter.com/category/events/" "Mozilla/5.0 (Macintosh; U; Intel Mac OS X 10_5_8; en-us) AppleWebKit/533.18.1 (KHTML, like Gecko) Version/5.0.2 Safari/533.18.5"
72.195.135.178 - - [25/Oct/2010:21:07:43 -0700] "GET /all-nighter.com/wp-content/plugins/contact-form-7/styles.css?ver=2.4.1 HTTP/1.1" 200 1266 "http://all-nighter.com/category/events/" "Mozilla/5.0 (Macintosh; U; Intel Mac OS X 10_5_8; en-us) AppleWebKit/533.18.1 (KHTML, like Gecko) Version/5.0.2 Safari/533.18.5"
72.195.135.178 - - [25/Oct/2010:21:07:43 -0700] "GET /all-nighter.com/wp-content/plugins/nextgen-gallery/css/nggallery.css?ver=1.0.0 HTTP/1.1" 200 6711 "http://all-nighter.com/category/events/" "Mozilla/5.0 (Macintosh; U; Intel Mac OS X 10_5_8; en-us) AppleWebKit/533.18.1 (KHTML, like Gecko) Version/5.0.2 Safari/533.18.5"
72.195.135.178 - - [25/Oct/2010:21:07:43 -0700] "GET /all-nighter.com/wp-content/themes/newspaper/style.css HTTP/1.1" 200 47234 "http://all-nighter.com/category/events/" "Mozilla/5.0 (Macintosh; U; Intel Mac OS X 10_5_8; en-us) AppleWebKit/533.18.1 (KHTML, like Gecko) Version/5.0.2 Safari/533.18.5"
72.195.135.178 - - [25/Oct/2010:21:07:43 -0700] "GET /all-nighter.com/wp-content/plugins/tdo-mini-forms/tdomf-style-form.css HTTP/1.1" 200 1869 "http://all-nighter.com/category/events/" "Mozilla/5.0 (Macintosh; U; Intel Mac OS X 10_5_8; en-us) AppleWebKit/533.18.1 (KHTML, like Gecko) Version/5.0.2 Safari/533.18.5"
72.195.135.178 - - [25/Oct/2010:21:07:43 -0700] "GET /all-nighter.com/wp-includes/js/jquery/jquery.js?ver=1.4.2 HTTP/1.1" 200 72194 "http://all-nighter.com/category/events/" "Mozilla/5.0 (Macintosh; U; Intel Mac OS X 10_5_8; en-us) AppleWebKit/533.18.1 (KHTML, like Gecko) Version/5.0.2 Safari/533.18.5"
72.195.135.178 - - [25/Oct/2010:21:07:43 -0700] "GET /all-nighter.com/wp-content/plugins/collapsing-archives/collapsFunctions.js?ver=1.7 HTTP/1.1" 200 5109 "http://all-nighter.com/category/events/" "Mozilla/5.0 (Macintosh; U; Intel Mac OS X 10_5_8; en-us) AppleWebKit/533.18.1 (KHTML, like Gecko) Version/5.0.2 Safari/533.18.5"
72.195.135.178 - - [25/Oct/2010:21:07:44 -0700] "GET /all-nighter.com/wp-content/plugins/nextgen-gallery/shutter/shutter-reloaded.js?ver=1.3.0 HTTP/1.1" 200 8786 "http://all-nighter.com/category/events/" "Mozilla/5.0 (Macintosh; U; Intel Mac OS X 10_5_8; en-us) AppleWebKit/533.18.1 (KHTML, like Gecko) Version/5.0.2 Safari/533.18.5"
72.195.135.178 - - [25/Oct/2010:21:07:44 -0700] "GET /all-nighter.com/wp-content/plugins/degradable-html5-audio-and-video/incl/audio-player.js HTTP/1.1" 200 11502 "http://all-nighter.com/category/events/" "Mozilla/5.0 (Macintosh; U; Intel Mac OS X 10_5_8; en-us) AppleWebKit/533.18.1 (KHTML, like Gecko) Version/5.0.2 Safari/533.18.5"
72.195.135.178 - - [25/Oct/2010:21:07:47 -0700] "GET /all-nighter.com/wp-content/plugins/contact-form-7/jquery.form.js?ver=2.47 HTTP/1.1" 200 22330 "http://all-nighter.com/category/events/" "Mozilla/5.0 (Macintosh; U; Intel Mac OS X 10_5_8; en-us) AppleWebKit/533.18.1 (KHTML, like Gecko) Version/5.0.2 Safari/533.18.5"
72.195.135.178 - - [25/Oct/2010:21:07:47 -0700] "GET /all-nighter.com/wp-content/plugins/contact-form-7/scripts.js?ver=2.4.1 HTTP/1.1" 200 5605 "http://all-nighter.com/category/events/" "Mozilla/5.0 (Macintosh; U; Intel Mac OS X 10_5_8; en-us) AppleWebKit/533.18.1 (KHTML, like Gecko) Version/5.0.2 Safari/533.18.5"
72.195.135.178 - - [25/Oct/2010:21:07:47 -0700] "GET /all-nighter.com/wp-content/themes/newspaper/images/logo.png HTTP/1.1" 200 2189 "http://all-nighter.com/category/events/" "Mozilla/5.0 (Macintosh; U; Intel Mac OS X 10_5_8; en-us) AppleWebKit/533.18.1 (KHTML, like Gecko) Version/5.0.2 Safari/533.18.5"
72.195.135.178 - - [25/Oct/2010:21:07:47 -0700] "GET /all-nighter.com/wp-content/themes/newspaper/images/magnifying_glass.png HTTP/1.1" 200 3129 "http://all-nighter.com/category/events/" "Mozilla/5.0 (Macintosh; U; Intel Mac OS X 10_5_8; en-us) AppleWebKit/533.18.1 (KHTML, like Gecko) Version/5.0.2 Safari/533.18.5"
72.195.135.178 - - [25/Oct/2010:21:07:48 -0700] "GET /all-nighter.com/wp-content/uploads/2010/10/lovethyneighbor_thumb.jpg HTTP/1.1" 200 35626 "http://all-nighter.com/category/events/" "Mozilla/5.0 (Macintosh; U; Intel Mac OS X 10_5_8; en-us) AppleWebKit/533.18.1 (KHTML, like Gecko) Version/5.0.2 Safari/533.18.5"
72.195.135.178 - - [25/Oct/2010:21:07:48 -0700] "GET /all-nighter.com/wp-content/themes/newspaper/images/excuse.png HTTP/1.1" 200 2559 "http://all-nighter.com/category/events/" "Mozilla/5.0 (Macintosh; U; Intel Mac OS X 10_5_8; en-us) AppleWebKit/533.18.1 (KHTML, like Gecko) Version/5.0.2 Safari/533.18.5"
72.195.135.178 - - [25/Oct/2010:21:07:48 -0700] "GET /all-nighter.com/wp-content/themes/newspaper/images/RISDlogo.png HTTP/1.1" 200 11074 "http://all-nighter.com/category/events/" "Mozilla/5.0 (Macintosh; U; Intel Mac OS X 10_5_8; en-us) AppleWebKit/533.18.1 (KHTML, like Gecko) Version/5.0.2 Safari/533.18.5"
72.195.135.178 - - [25/Oct/2010:21:07:49 -0700] "GET /all-nighter.com/wp-content/themes/newspaper/images/favicon.ico HTTP/1.1" 200 5686 "http://all-nighter.com/category/events/" "Mozilla/5.0 (Macintosh; U; Intel Mac OS X 10_5_8; en-us) AppleWebKit/533.18.1 (KHTML, like Gecko) Version/5.0.2 Safari/533.18.5"
72.195.135.178 - - [25/Oct/2010:21:07:49 -0700] "GET /all-nighter.com/wp-content/themes/newspaper/images/magnifying_glass_hover.png HTTP/1.1" 200 452 "http://all-nighter.com/category/events/" "Mozilla/5.0 (Macintosh; U; Intel Mac OS X 10_5_8; en-us) AppleWebKit/533.18.1 (KHTML, like Gecko) Version/5.0.2 Safari/533.18.5"
96.238.43.133 - - [25/Oct/2010:21:08:12 -0700] "POST /all-nighter.com/wp-admin/admin-ajax.php HTTP/1.1" 200 158 "http://all-nighter.com/wp-admin/post.php?post=2345&action=edit&message=1" "Mozilla/5.0 (Macintosh; U; Intel Mac OS X 10_5_8; en-US) AppleWebKit/534.7 (KHTML, like Gecko) Chrome/7.0.517.41 Safari/534.7"
96.238.43.133 - - [25/Oct/2010:21:09:12 -0700] "POST /all-nighter.com/wp-admin/admin-ajax.php HTTP/1.1" 200 158 "http://all-nighter.com/wp-admin/post.php?post=2345&action=edit&message=1" "Mozilla/5.0 (Macintosh; U; Intel Mac OS X 10_5_8; en-US) AppleWebKit/534.7 (KHTML, like Gecko) Chrome/7.0.517.41 Safari/534.7"
198.7.242.182 - - [25/Oct/2010:21:09:57 -0700] "GET /all-nighter.com/category/inspiration/ HTTP/1.1" 200 5015 "-" "Mozilla/5.0 (Windows; U; Windows NT 6.0; en-US) AppleWebKit/533.18.1 (KHTML, like Gecko) Version/5.0.2 Safari/533.18.5"
198.7.242.182 - - [25/Oct/2010:21:09:58 -0700] "GET /all-nighter.com/wp-content/themes/newspaper/style.css HTTP/1.1" 200 47234 "http://all-nighter.com/category/inspiration/" "Mozilla/5.0 (Windows; U; Windows NT 6.0; en-US) AppleWebKit/533.18.1 (KHTML, like Gecko) Version/5.0.2 Safari/533.18.5"
198.7.242.182 - - [25/Oct/2010:21:09:58 -0700] "GET /all-nighter.com/wp-content/plugins/contact-form-7/styles.css?ver=2.4.1 HTTP/1.1" 200 1266 "http://all-nighter.com/category/inspiration/" "Mozilla/5.0 (Windows; U; Windows NT 6.0; en-US) AppleWebKit/533.18.1 (KHTML, like Gecko) Version/5.0.2 Safari/533.18.5"
198.7.242.182 - - [25/Oct/2010:21:09:58 -0700] "GET /all-nighter.com/wp-content/plugins/nextgen-gallery/css/nggallery.css?ver=1.0.0 HTTP/1.1" 200 6711 "http://all-nighter.com/category/inspiration/" "Mozilla/5.0 (Windows; U; Windows NT 6.0; en-US) AppleWebKit/533.18.1 (KHTML, like Gecko) Version/5.0.2 Safari/533.18.5"
198.7.242.182 - - [25/Oct/2010:21:09:58 -0700] "GET /all-nighter.com/wp-includes/js/jquery/jquery.js?ver=1.4.2 HTTP/1.1" 200 72194 "http://all-nighter.com/category/inspiration/" "Mozilla/5.0 (Windows; U; Windows NT 6.0; en-US) AppleWebKit/533.18.1 (KHTML, like Gecko) Version/5.0.2 Safari/533.18.5"
198.7.242.182 - - [25/Oct/2010:21:09:58 -0700] "GET /all-nighter.com/wp-content/plugins/nextgen-gallery/shutter/shutter-reloaded.css?ver=1.3.0 HTTP/1.1" 200 1503 "http://all-nighter.com/category/inspiration/" "Mozilla/5.0 (Windows; U; Windows NT 6.0; en-US) AppleWebKit/533.18.1 (KHTML, like Gecko) Version/5.0.2 Safari/533.18.5"
198.7.242.182 - - [25/Oct/2010:21:09:58 -0700] "GET /all-nighter.com/wp-content/plugins/collapsing-archives/collapsFunctions.js?ver=1.7 HTTP/1.1" 200 5109 "http://all-nighter.com/category/inspiration/" "Mozilla/5.0 (Windows; U; Windows NT 6.0; en-US) AppleWebKit/533.18.1 (KHTML, like Gecko) Version/5.0.2 Safari/533.18.5"
198.7.242.182 - - [25/Oct/2010:21:09:58 -0700] "GET /all-nighter.com/wp-content/plugins/tdo-mini-forms/tdomf-style-form.css HTTP/1.1" 200 1869 "http://all-nighter.com/category/inspiration/" "Mozilla/5.0 (Windows; U; Windows NT 6.0; en-US) AppleWebKit/533.18.1 (KHTML, like Gecko) Version/5.0.2 Safari/533.18.5"
198.7.242.182 - - [25/Oct/2010:21:09:59 -0700] "GET /all-nighter.com/wp-content/plugins/nextgen-gallery/shutter/shutter-reloaded.js?ver=1.3.0 HTTP/1.1" 200 8786 "http://all-nighter.com/category/inspiration/" "Mozilla/5.0 (Windows; U; Windows NT 6.0; en-US) AppleWebKit/533.18.1 (KHTML, like Gecko) Version/5.0.2 Safari/533.18.5"
198.7.242.182 - - [25/Oct/2010:21:09:59 -0700] "GET /all-nighter.com/wp-content/plugins/degradable-html5-audio-and-video/incl/audio-player.js HTTP/1.1" 200 11502 "http://all-nighter.com/category/inspiration/" "Mozilla/5.0 (Windows; U; Windows NT 6.0; en-US) AppleWebKit/533.18.1 (KHTML, like Gecko) Version/5.0.2 Safari/533.18.5"
198.7.242.182 - - [25/Oct/2010:21:09:59 -0700] "GET /all-nighter.com/wp-content/themes/newspaper/scripts/jquery.simplyscroll.js HTTP/1.1" 200 6689 "http://all-nighter.com/category/inspiration/" "Mozilla/5.0 (Windows; U; Windows NT 6.0; en-US) AppleWebKit/533.18.1 (KHTML, like Gecko) Version/5.0.2 Safari/533.18.5"
96.238.43.133 - - [25/Oct/2010:21:10:12 -0700] "POST /all-nighter.com/wp-admin/admin-ajax.php HTTP/1.1" 200 158 "http://all-nighter.com/wp-admin/post.php?post=2345&action=edit&message=1" "Mozilla/5.0 (Macintosh; U; Intel Mac OS X 10_5_8; en-US) AppleWebKit/534.7 (KHTML, like Gecko) Chrome/7.0.517.41 Safari/534.7"
198.7.242.182 - - [25/Oct/2010:21:10:19 -0700] "GET /all-nighter.com/category/events/ HTTP/1.1" 200 5717 "-" "Mozilla/5.0 (Windows; U; Windows NT 6.0; en-US) AppleWebKit/533.18.1 (KHTML, like Gecko) Version/5.0.2 Safari/533.18.5"
96.238.43.133 - - [25/Oct/2010:21:11:12 -0700] "POST /all-nighter.com/wp-admin/admin-ajax.php HTTP/1.1" 200 158 "http://all-nighter.com/wp-admin/post.php?post=2345&action=edit&message=1" "Mozilla/5.0 (Macintosh; U; Intel Mac OS X 10_5_8; en-US) AppleWebKit/534.7 (KHTML, like Gecko) Chrome/7.0.517.41 Safari/534.7"
96.238.43.133 - - [25/Oct/2010:21:12:12 -0700] "POST /all-nighter.com/wp-admin/admin-ajax.php HTTP/1.1" 200 158 "http://all-nighter.com/wp-admin/post.php?post=2345&action=edit&message=1" "Mozilla/5.0 (Macintosh; U; Intel Mac OS X 10_5_8; en-US) AppleWebKit/534.7 (KHTML, like Gecko) Chrome/7.0.517.41 Safari/534.7"
96.238.43.133 - - [25/Oct/2010:21:13:12 -0700] "POST /all-nighter.com/wp-admin/admin-ajax.php HTTP/1.1" 200 158 "http://all-nighter.com/wp-admin/post.php?post=2345&action=edit&message=1" "Mozilla/5.0 (Macintosh; U; Intel Mac OS X 10_5_8; en-US) AppleWebKit/534.7 (KHTML, like Gecko) Chrome/7.0.517.41 Safari/534.7"
96.238.43.133 - - [25/Oct/2010:21:14:12 -0700] "POST /all-nighter.com/wp-admin/admin-ajax.php HTTP/1.1" 200 158 "http://all-nighter.com/wp-admin/post.php?post=2345&action=edit&message=1" "Mozilla/5.0 (Macintosh; U; Intel Mac OS X 10_5_8; en-US) AppleWebKit/534.7 (KHTML, like Gecko) Chrome/7.0.517.41 Safari/534.7"
72.195.135.178 - - [25/Oct/2010:21:14:24 -0700] "GET /all-nighter.com/wordpress/wp-admin/post-new.php HTTP/1.1" 404 3064 "-" "Mozilla/5.0 (Macintosh; U; Intel Mac OS X 10_5_8; en-us) AppleWebKit/533.18.1 (KHTML, like Gecko) Version/5.0.2 Safari/533.18.5"
72.195.135.178 - - [25/Oct/2010:21:14:26 -0700] "GET /all-nighter.com/wp-content/themes/newspaper/style.css HTTP/1.1" 304 - "http://all-nighter.com/wordpress/wp-admin/post-new.php" "Mozilla/5.0 (Macintosh; U; Intel Mac OS X 10_5_8; en-us) AppleWebKit/533.18.1 (KHTML, like Gecko) Version/5.0.2 Safari/533.18.5"
96.238.43.133 - - [25/Oct/2010:21:15:12 -0700] "POST /all-nighter.com/wp-admin/admin-ajax.php HTTP/1.1" 200 158 "http://all-nighter.com/wp-admin/post.php?post=2345&action=edit&message=1" "Mozilla/5.0 (Macintosh; U; Intel Mac OS X 10_5_8; en-US) AppleWebKit/534.7 (KHTML, like Gecko) Chrome/7.0.517.41 Safari/534.7"
96.238.43.133 - - [25/Oct/2010:21:16:12 -0700] "POST /all-nighter.com/wp-admin/admin-ajax.php HTTP/1.1" 200 158 "http://all-nighter.com/wp-admin/post.php?post=2345&action=edit&message=1" "Mozilla/5.0 (Macintosh; U; Intel Mac OS X 10_5_8; en-US) AppleWebKit/534.7 (KHTML, like Gecko) Chrome/7.0.517.41 Safari/534.7"
96.238.43.133 - - [25/Oct/2010:21:17:12 -0700] "POST /all-nighter.com/wp-admin/admin-ajax.php HTTP/1.1" 200 158 "http://all-nighter.com/wp-admin/post.php?post=2345&action=edit&message=1" "Mozilla/5.0 (Macintosh; U; Intel Mac OS X 10_5_8; en-US) AppleWebKit/534.7 (KHTML, like Gecko) Chrome/7.0.517.41 Safari/534.7"
96.238.43.133 - - [25/Oct/2010:21:18:12 -0700] "POST /all-nighter.com/wp-admin/admin-ajax.php HTTP/1.1" 200 158 "http://all-nighter.com/wp-admin/post.php?post=2345&action=edit&message=1" "Mozilla/5.0 (Macintosh; U; Intel Mac OS X 10_5_8; en-US) AppleWebKit/534.7 (KHTML, like Gecko) Chrome/7.0.517.41 Safari/534.7"
96.238.43.133 - - [25/Oct/2010:21:19:12 -0700] "POST /all-nighter.com/wp-admin/admin-ajax.php HTTP/1.1" 200 158 "http://all-nighter.com/wp-admin/post.php?post=2345&action=edit&message=1" "Mozilla/5.0 (Macintosh; U; Intel Mac OS X 10_5_8; en-US) AppleWebKit/534.7 (KHTML, like Gecko) Chrome/7.0.517.41 Safari/534.7"
72.195.135.178 - - [25/Oct/2010:21:20:10 -0700] "GET /all-nighter.com/werecommend/love-thy-neighbor/ HTTP/1.1" 200 4370 "http://all-nighter.com/category/events/" "Mozilla/5.0 (Macintosh; U; Intel Mac OS X 10_5_8; en-us) AppleWebKit/533.18.1 (KHTML, like Gecko) Version/5.0.2 Safari/533.18.5"
96.238.43.133 - - [25/Oct/2010:21:20:12 -0700] "POST /all-nighter.com/wp-admin/admin-ajax.php HTTP/1.1" 200 158 "http://all-nighter.com/wp-admin/post.php?post=2345&action=edit&message=1" "Mozilla/5.0 (Macintosh; U; Intel Mac OS X 10_5_8; en-US) AppleWebKit/534.7 (KHTML, like Gecko) Chrome/7.0.517.41 Safari/534.7"
72.195.135.178 - - [25/Oct/2010:21:20:14 -0700] "GET /all-nighter.com/wp-content/uploads/2010/10/lovethyneighborposter1.jpg HTTP/1.1" 200 381605 "http://all-nighter.com/werecommend/love-thy-neighbor/" "Mozilla/5.0 (Macintosh; U; Intel Mac OS X 10_5_8; en-us) AppleWebKit/533.18.1 (KHTML, like Gecko) Version/5.0.2 Safari/533.18.5"
96.238.43.133 - - [25/Oct/2010:21:21:12 -0700] "POST /all-nighter.com/wp-admin/admin-ajax.php HTTP/1.1" 200 158 "http://all-nighter.com/wp-admin/post.php?post=2345&action=edit&message=1" "Mozilla/5.0 (Macintosh; U; Intel Mac OS X 10_5_8; en-US) AppleWebKit/534.7 (KHTML, like Gecko) Chrome/7.0.517.41 Safari/534.7"
96.238.43.133 - - [25/Oct/2010:21:22:12 -0700] "POST /all-nighter.com/wp-admin/admin-ajax.php HTTP/1.1" 200 158 "http://all-nighter.com/wp-admin/post.php?post=2345&action=edit&message=1" "Mozilla/5.0 (Macintosh; U; Intel Mac OS X 10_5_8; en-US) AppleWebKit/534.7 (KHTML, like Gecko) Chrome/7.0.517.41 Safari/534.7"
96.238.43.133 - - [25/Oct/2010:21:23:12 -0700] "POST /all-nighter.com/wp-admin/admin-ajax.php HTTP/1.1" 200 158 "http://all-nighter.com/wp-admin/post.php?post=2345&action=edit&message=1" "Mozilla/5.0 (Macintosh; U; Intel Mac OS X 10_5_8; en-US) AppleWebKit/534.7 (KHTML, like Gecko) Chrome/7.0.517.41 Safari/534.7"
77.88.43.26 - - [25/Oct/2010:21:23:08 -0700] "GET /all-nighter.com/lifestyle/icaughtyou/17-10-10160340/feed/ HTTP/1.1" 200 460 "-" "Mozilla/5.0 (compatible; YandexBot/3.0; +http://yandex.com/bots)"
96.238.43.133 - - [25/Oct/2010:21:24:11 -0700] "GET /all-nighter.com/ HTTP/1.1" 200 6692 "http://all-nighter.com/category/events/" "Mozilla/5.0 (Macintosh; U; Intel Mac OS X 10_5_8; en-US) AppleWebKit/534.7 (KHTML, like Gecko) Chrome/7.0.517.41 Safari/534.7"
96.238.43.133 - - [25/Oct/2010:21:24:12 -0700] "POST /all-nighter.com/wp-admin/admin-ajax.php HTTP/1.1" 200 158 "http://all-nighter.com/wp-admin/post.php?post=2345&action=edit&message=1" "Mozilla/5.0 (Macintosh; U; Intel Mac OS X 10_5_8; en-US) AppleWebKit/534.7 (KHTML, like Gecko) Chrome/7.0.517.41 Safari/534.7"
96.238.43.133 - - [25/Oct/2010:21:24:27 -0700] "GET /all-nighter.com/category/events/ HTTP/1.1" 200 5717 "http://all-nighter.com/" "Mozilla/5.0 (Macintosh; U; Intel Mac OS X 10_5_8; en-US) AppleWebKit/534.7 (KHTML, like Gecko) Chrome/7.0.517.41 Safari/534.7"
96.238.43.133 - - [25/Oct/2010:21:24:28 -0700] "GET /all-nighter.com/wp-content/uploads/2010/10/lovethyneighbor_thumb.jpg HTTP/1.1" 304 - "http://all-nighter.com/category/events/" "Mozilla/5.0 (Macintosh; U; Intel Mac OS X 10_5_8; en-US) AppleWebKit/534.7 (KHTML, like Gecko) Chrome/7.0.517.41 Safari/534.7"
96.238.43.133 - - [25/Oct/2010:21:24:41 -0700] "GET /all-nighter.com/werecommend/love-thy-neighbor/ HTTP/1.1" 200 4379 "http://all-nighter.com/category/events/" "Mozilla/5.0 (Macintosh; U; Intel Mac OS X 10_5_8; en-US) AppleWebKit/534.7 (KHTML, like Gecko) Chrome/7.0.517.41 Safari/534.7"
96.238.43.133 - - [25/Oct/2010:21:24:42 -0700] "GET /all-nighter.com/wp-content/uploads/2010/10/lovethyneighborposter1.jpg HTTP/1.1" 304 - "http://all-nighter.com/werecommend/love-thy-neighbor/" "Mozilla/5.0 (Macintosh; U; Intel Mac OS X 10_5_8; en-US) AppleWebKit/534.7 (KHTML, like Gecko) Chrome/7.0.517.41 Safari/534.7"
96.238.43.133 - - [25/Oct/2010:21:25:12 -0700] "POST /all-nighter.com/wp-admin/admin-ajax.php HTTP/1.1" 200 158 "http://all-nighter.com/wp-admin/post.php?post=2345&action=edit&message=1" "Mozilla/5.0 (Macintosh; U; Intel Mac OS X 10_5_8; en-US) AppleWebKit/534.7 (KHTML, like Gecko) Chrome/7.0.517.41 Safari/534.7"
72.195.135.178 - - [25/Oct/2010:21:25:41 -0700] "GET /all-nighter.com/werecommend/love-thy-neighbor/ HTTP/1.1" 200 4370 "-" "Mozilla/5.0 (Macintosh; U; Intel Mac OS X 10_5_8; en-us) AppleWebKit/533.18.1 (KHTML, like Gecko) Version/5.0.2 Safari/533.18.5"
72.195.135.178 - - [25/Oct/2010:21:25:42 -0700] "GET /all-nighter.com/wp-content/uploads/2010/10/lovethyneighborposter1.jpg HTTP/1.1" 304 - "http://all-nighter.com/werecommend/love-thy-neighbor/" "Mozilla/5.0 (Macintosh; U; Intel Mac OS X 10_5_8; en-us) AppleWebKit/533.18.1 (KHTML, like Gecko) Version/5.0.2 Safari/533.18.5"
96.238.43.133 - - [25/Oct/2010:21:26:12 -0700] "POST /all-nighter.com/wp-admin/admin-ajax.php HTTP/1.1" 200 158 "http://all-nighter.com/wp-admin/post.php?post=2345&action=edit&message=1" "Mozilla/5.0 (Macintosh; U; Intel Mac OS X 10_5_8; en-US) AppleWebKit/534.7 (KHTML, like Gecko) Chrome/7.0.517.41 Safari/534.7"
96.238.43.133 - - [25/Oct/2010:21:27:12 -0700] "POST /all-nighter.com/wp-admin/admin-ajax.php HTTP/1.1" 200 158 "http://all-nighter.com/wp-admin/post.php?post=2345&action=edit&message=1" "Mozilla/5.0 (Macintosh; U; Intel Mac OS X 10_5_8; en-US) AppleWebKit/534.7 (KHTML, like Gecko) Chrome/7.0.517.41 Safari/534.7"
96.238.43.133 - - [25/Oct/2010:21:28:12 -0700] "POST /all-nighter.com/wp-admin/admin-ajax.php HTTP/1.1" 200 158 "http://all-nighter.com/wp-admin/post.php?post=2345&action=edit&message=1" "Mozilla/5.0 (Macintosh; U; Intel Mac OS X 10_5_8; en-US) AppleWebKit/534.7 (KHTML, like Gecko) Chrome/7.0.517.41 Safari/534.7"
96.238.43.133 - - [25/Oct/2010:21:29:12 -0700] "POST /all-nighter.com/wp-admin/admin-ajax.php HTTP/1.1" 200 158 "http://all-nighter.com/wp-admin/post.php?post=2345&action=edit&message=1" "Mozilla/5.0 (Macintosh; U; Intel Mac OS X 10_5_8; en-US) AppleWebKit/534.7 (KHTML, like Gecko) Chrome/7.0.517.41 Safari/534.7"
96.238.43.133 - - [25/Oct/2010:21:30:12 -0700] "POST /all-nighter.com/wp-admin/admin-ajax.php HTTP/1.1" 200 158 "http://all-nighter.com/wp-admin/post.php?post=2345&action=edit&message=1" "Mozilla/5.0 (Macintosh; U; Intel Mac OS X 10_5_8; en-US) AppleWebKit/534.7 (KHTML, like Gecko) Chrome/7.0.517.41 Safari/534.7"
96.238.43.133 - - [25/Oct/2010:21:31:12 -0700] "POST /all-nighter.com/wp-admin/admin-ajax.php HTTP/1.1" 200 158 "http://all-nighter.com/wp-admin/post.php?post=2345&action=edit&message=1" "Mozilla/5.0 (Macintosh; U; Intel Mac OS X 10_5_8; en-US) AppleWebKit/534.7 (KHTML, like Gecko) Chrome/7.0.517.41 Safari/534.7"
96.238.43.133 - - [25/Oct/2010:21:32:12 -0700] "POST /all-nighter.com/wp-admin/admin-ajax.php HTTP/1.1" 200 158 "http://all-nighter.com/wp-admin/post.php?post=2345&action=edit&message=1" "Mozilla/5.0 (Macintosh; U; Intel Mac OS X 10_5_8; en-US) AppleWebKit/534.7 (KHTML, like Gecko) Chrome/7.0.517.41 Safari/534.7"
96.238.43.133 - - [25/Oct/2010:21:33:12 -0700] "POST /all-nighter.com/wp-admin/admin-ajax.php HTTP/1.1" 200 158 "http://all-nighter.com/wp-admin/post.php?post=2345&action=edit&message=1" "Mozilla/5.0 (Macintosh; U; Intel Mac OS X 10_5_8; en-US) AppleWebKit/534.7 (KHTML, like Gecko) Chrome/7.0.517.41 Safari/534.7"
140.115.11.253 - - [25/Oct/2010:21:33:35 -0700] "GET /all-nighter.com/news/risd-by-design-weekend-2010/ HTTP/1.1" 200 6036 "http://www.google.com.tw/search?source=ig&hl=en&rlz=&q=the+all+nighter+risd&aq=0m&aqi=g-m1&aql=&oq=all+nighter+risd&gs_rfai=" "Mozilla/5.0 (X11; U; Linux x86_64; en-US) AppleWebKit/534.3 (KHTML, like Gecko) Ubuntu/10.04 Chromium/6.0.472.62 Chrome/6.0.472.62 Safari/534.3"
140.115.11.253 - - [25/Oct/2010:21:33:37 -0700] "GET /all-nighter.com/wp-content/plugins/nextgen-gallery/css/nggallery.css?ver=1.0.0 HTTP/1.1" 200 6711 "http://all-nighter.com/news/risd-by-design-weekend-2010/" "Mozilla/5.0 (X11; U; Linux x86_64; en-US) AppleWebKit/534.3 (KHTML, like Gecko) Ubuntu/10.04 Chromium/6.0.472.62 Chrome/6.0.472.62 Safari/534.3"
140.115.11.253 - - [25/Oct/2010:21:33:37 -0700] "GET /all-nighter.com/wp-content/plugins/contact-form-7/styles.css?ver=2.4.1 HTTP/1.1" 200 1266 "http://all-nighter.com/news/risd-by-design-weekend-2010/" "Mozilla/5.0 (X11; U; Linux x86_64; en-US) AppleWebKit/534.3 (KHTML, like Gecko) Ubuntu/10.04 Chromium/6.0.472.62 Chrome/6.0.472.62 Safari/534.3"
140.115.11.253 - - [25/Oct/2010:21:33:37 -0700] "GET /all-nighter.com/wp-content/themes/newspaper/style.css HTTP/1.1" 200 47234 "http://all-nighter.com/news/risd-by-design-weekend-2010/" "Mozilla/5.0 (X11; U; Linux x86_64; en-US) AppleWebKit/534.3 (KHTML, like Gecko) Ubuntu/10.04 Chromium/6.0.472.62 Chrome/6.0.472.62 Safari/534.3"
140.115.11.253 - - [25/Oct/2010:21:33:37 -0700] "GET /all-nighter.com/wp-content/plugins/nextgen-gallery/shutter/shutter-reloaded.css?ver=1.3.0 HTTP/1.1" 200 1503 "http://all-nighter.com/news/risd-by-design-weekend-2010/" "Mozilla/5.0 (X11; U; Linux x86_64; en-US) AppleWebKit/534.3 (KHTML, like Gecko) Ubuntu/10.04 Chromium/6.0.472.62 Chrome/6.0.472.62 Safari/534.3"
140.115.11.253 - - [25/Oct/2010:21:33:37 -0700] "GET /all-nighter.com/wp-content/plugins/collapsing-archives/collapsFunctions.js?ver=1.7 HTTP/1.1" 200 5109 "http://all-nighter.com/news/risd-by-design-weekend-2010/" "Mozilla/5.0 (X11; U; Linux x86_64; en-US) AppleWebKit/534.3 (KHTML, like Gecko) Ubuntu/10.04 Chromium/6.0.472.62 Chrome/6.0.472.62 Safari/534.3"
140.115.11.253 - - [25/Oct/2010:21:33:37 -0700] "GET /all-nighter.com/wp-includes/js/jquery/jquery.js?ver=1.4.2 HTTP/1.1" 200 72194 "http://all-nighter.com/news/risd-by-design-weekend-2010/" "Mozilla/5.0 (X11; U; Linux x86_64; en-US) AppleWebKit/534.3 (KHTML, like Gecko) Ubuntu/10.04 Chromium/6.0.472.62 Chrome/6.0.472.62 Safari/534.3"
140.115.11.253 - - [25/Oct/2010:21:33:37 -0700] "GET /all-nighter.com/wp-content/plugins/nextgen-gallery/shutter/shutter-reloaded.js?ver=1.3.0 HTTP/1.1" 200 8786 "http://all-nighter.com/news/risd-by-design-weekend-2010/" "Mozilla/5.0 (X11; U; Linux x86_64; en-US) AppleWebKit/534.3 (KHTML, like Gecko) Ubuntu/10.04 Chromium/6.0.472.62 Chrome/6.0.472.62 Safari/534.3"
140.115.11.253 - - [25/Oct/2010:21:33:37 -0700] "GET /all-nighter.com/wp-content/plugins/degradable-html5-audio-and-video/incl/audio-player.js HTTP/1.1" 200 11502 "http://all-nighter.com/news/risd-by-design-weekend-2010/" "Mozilla/5.0 (X11; U; Linux x86_64; en-US) AppleWebKit/534.3 (KHTML, like Gecko) Ubuntu/10.04 Chromium/6.0.472.62 Chrome/6.0.472.62 Safari/534.3"
140.115.11.253 - - [25/Oct/2010:21:33:38 -0700] "GET /all-nighter.com/wp-content/plugins/tdo-mini-forms/tdomf-style-form.css HTTP/1.1" 200 1869 "http://all-nighter.com/news/risd-by-design-weekend-2010/" "Mozilla/5.0 (X11; U; Linux x86_64; en-US) AppleWebKit/534.3 (KHTML, like Gecko) Ubuntu/10.04 Chromium/6.0.472.62 Chrome/6.0.472.62 Safari/534.3"
140.115.11.253 - - [25/Oct/2010:21:33:40 -0700] "GET /all-nighter.com/wp-content/plugins/contact-form-7/scripts.js?ver=2.4.1 HTTP/1.1" 200 5605 "http://all-nighter.com/news/risd-by-design-weekend-2010/" "Mozilla/5.0 (X11; U; Linux x86_64; en-US) AppleWebKit/534.3 (KHTML, like Gecko) Ubuntu/10.04 Chromium/6.0.472.62 Chrome/6.0.472.62 Safari/534.3"
140.115.11.253 - - [25/Oct/2010:21:33:40 -0700] "GET /all-nighter.com/wp-content/plugins/contact-form-7/jquery.form.js?ver=2.47 HTTP/1.1" 200 22330 "http://all-nighter.com/news/risd-by-design-weekend-2010/" "Mozilla/5.0 (X11; U; Linux x86_64; en-US) AppleWebKit/534.3 (KHTML, like Gecko) Ubuntu/10.04 Chromium/6.0.472.62 Chrome/6.0.472.62 Safari/534.3"
140.115.11.253 - - [25/Oct/2010:21:33:40 -0700] "GET /all-nighter.com/wp-content/themes/newspaper/images/logo.png HTTP/1.1" 200 2189 "http://all-nighter.com/news/risd-by-design-weekend-2010/" "Mozilla/5.0 (X11; U; Linux x86_64; en-US) AppleWebKit/534.3 (KHTML, like Gecko) Ubuntu/10.04 Chromium/6.0.472.62 Chrome/6.0.472.62 Safari/534.3"
140.115.11.253 - - [25/Oct/2010:21:33:40 -0700] "GET /all-nighter.com/wp-content/themes/newspaper/images/excuse.png HTTP/1.1" 200 2559 "http://all-nighter.com/news/risd-by-design-weekend-2010/" "Mozilla/5.0 (X11; U; Linux x86_64; en-US) AppleWebKit/534.3 (KHTML, like Gecko) Ubuntu/10.04 Chromium/6.0.472.62 Chrome/6.0.472.62 Safari/534.3"
140.115.11.253 - - [25/Oct/2010:21:33:40 -0700] "GET /all-nighter.com/wp-content/themes/newspaper/images/magnifying_glass.png HTTP/1.1" 200 3129 "http://all-nighter.com/news/risd-by-design-weekend-2010/" "Mozilla/5.0 (X11; U; Linux x86_64; en-US) AppleWebKit/534.3 (KHTML, like Gecko) Ubuntu/10.04 Chromium/6.0.472.62 Chrome/6.0.472.62 Safari/534.3"
140.115.11.253 - - [25/Oct/2010:21:33:40 -0700] "GET /all-nighter.com/wp-content/themes/newspaper/images/RISDlogo.png HTTP/1.1" 200 11074 "http://all-nighter.com/news/risd-by-design-weekend-2010/" "Mozilla/5.0 (X11; U; Linux x86_64; en-US) AppleWebKit/534.3 (KHTML, like Gecko) Ubuntu/10.04 Chromium/6.0.472.62 Chrome/6.0.472.62 Safari/534.3"
140.115.11.253 - - [25/Oct/2010:21:33:40 -0700] "GET /all-nighter.com/wp-content/uploads/2010/10/RBD-section.jpg HTTP/1.1" 200 120926 "http://all-nighter.com/news/risd-by-design-weekend-2010/" "Mozilla/5.0 (X11; U; Linux x86_64; en-US) AppleWebKit/534.3 (KHTML, like Gecko) Ubuntu/10.04 Chromium/6.0.472.62 Chrome/6.0.472.62 Safari/534.3"
140.115.11.253 - - [25/Oct/2010:21:33:41 -0700] "GET /all-nighter.com/wp-content/themes/newspaper/images/favicon.ico HTTP/1.1" 200 5686 "-" "Mozilla/5.0 (X11; U; Linux x86_64; en-US) AppleWebKit/534.3 (KHTML, like Gecko) Ubuntu/10.04 Chromium/6.0.472.62 Chrome/6.0.472.62 Safari/534.3"
96.238.43.133 - - [25/Oct/2010:21:33:51 -0700] "GET /all-nighter.com/wp-admin/edit.php HTTP/1.1" 200 15357 "http://all-nighter.com/wp-admin/post.php?post=2345&action=edit&message=1" "Mozilla/5.0 (Macintosh; U; Intel Mac OS X 10_5_8; en-US) AppleWebKit/534.7 (KHTML, like Gecko) Chrome/7.0.517.41 Safari/534.7"
140.115.11.253 - - [25/Oct/2010:21:34:01 -0700] "GET /all-nighter.com/tag/risd-by-design-weekend/ HTTP/1.1" 200 3336 "http://all-nighter.com/news/risd-by-design-weekend-2010/" "Mozilla/5.0 (X11; U; Linux x86_64; en-US) AppleWebKit/534.3 (KHTML, like Gecko) Ubuntu/10.04 Chromium/6.0.472.62 Chrome/6.0.472.62 Safari/534.3"
140.115.11.253 - - [25/Oct/2010:21:34:02 -0700] "GET /all-nighter.com/wp-content/themes/newspaper/scripts/jquery.simplyscroll.js HTTP/1.1" 200 6689 "http://all-nighter.com/tag/risd-by-design-weekend/" "Mozilla/5.0 (X11; U; Linux x86_64; en-US) AppleWebKit/534.3 (KHTML, like Gecko) Ubuntu/10.04 Chromium/6.0.472.62 Chrome/6.0.472.62 Safari/534.3"
140.115.11.253 - - [25/Oct/2010:21:34:04 -0700] "GET /all-nighter.com/wp-content/uploads/2010/10/RBD-thumb.jpg HTTP/1.1" 200 42012 "http://all-nighter.com/tag/risd-by-design-weekend/" "Mozilla/5.0 (X11; U; Linux x86_64; en-US) AppleWebKit/534.3 (KHTML, like Gecko) Ubuntu/10.04 Chromium/6.0.472.62 Chrome/6.0.472.62 Safari/534.3"
140.115.11.253 - - [25/Oct/2010:21:34:05 -0700] "GET /all-nighter.com/favicon.ico HTTP/1.1" 200 1150 "-" "Mozilla/5.0 (X11; U; Linux x86_64; en-US) AppleWebKit/534.3 (KHTML, like Gecko) Ubuntu/10.04 Chromium/6.0.472.62 Chrome/6.0.472.62 Safari/534.3"
96.238.43.133 - - [25/Oct/2010:21:34:06 -0700] "GET /all-nighter.com/wp-admin/post.php?post=2310&action=edit HTTP/1.1" 200 23690 "http://all-nighter.com/wp-admin/edit.php" "Mozilla/5.0 (Macintosh; U; Intel Mac OS X 10_5_8; en-US) AppleWebKit/534.7 (KHTML, like Gecko) Chrome/7.0.517.41 Safari/534.7"
140.115.11.253 - - [25/Oct/2010:21:34:11 -0700] "GET /all-nighter.com/news/risd-by-design-weekend-2010/ HTTP/1.1" 200 6036 "http://www.google.com.tw/search?source=ig&hl=en&rlz=&q=the+all+nighter+risd&aq=0m&aqi=g-m1&aql=&oq=all+nighter+risd&gs_rfai=" "Mozilla/5.0 (X11; U; Linux x86_64; en-US) AppleWebKit/534.3 (KHTML, like Gecko) Ubuntu/10.04 Chromium/6.0.472.62 Chrome/6.0.472.62 Safari/534.3"
96.238.43.133 - - [25/Oct/2010:21:34:12 -0700] "POST /all-nighter.com/wp-admin/post.php HTTP/1.1" 302 20 "http://all-nighter.com/wp-admin/post.php?post=2310&action=edit" "Mozilla/5.0 (Macintosh; U; Intel Mac OS X 10_5_8; en-US) AppleWebKit/534.7 (KHTML, like Gecko) Chrome/7.0.517.41 Safari/534.7"
96.238.43.133 - - [25/Oct/2010:21:34:15 -0700] "GET /all-nighter.com/?p=2310&preview=true HTTP/1.1" 200 6194 "http://all-nighter.com/wp-admin/post.php?post=2310&action=edit" "Mozilla/5.0 (Macintosh; U; Intel Mac OS X 10_5_8; en-US) AppleWebKit/534.7 (KHTML, like Gecko) Chrome/7.0.517.41 Safari/534.7"
96.238.43.133 - - [25/Oct/2010:21:34:17 -0700] "GET /all-nighter.com/wp-content/themes/newspaper/style.css HTTP/1.1" 304 - "http://all-nighter.com/?p=2310&preview=true" "Mozilla/5.0 (Macintosh; U; Intel Mac OS X 10_5_8; en-US) AppleWebKit/534.7 (KHTML, like Gecko) Chrome/7.0.517.41 Safari/534.7"
96.238.43.133 - - [25/Oct/2010:21:34:17 -0700] "GET /all-nighter.com/wp-content/plugins/nextgen-gallery/css/nggallery.css?ver=1.0.0 HTTP/1.1" 304 - "http://all-nighter.com/?p=2310&preview=true" "Mozilla/5.0 (Macintosh; U; Intel Mac OS X 10_5_8; en-US) AppleWebKit/534.7 (KHTML, like Gecko) Chrome/7.0.517.41 Safari/534.7"
96.238.43.133 - - [25/Oct/2010:21:34:17 -0700] "GET /all-nighter.com/wp-content/plugins/nextgen-gallery/shutter/shutter-reloaded.css?ver=1.3.0 HTTP/1.1" 304 - "http://all-nighter.com/?p=2310&preview=true" "Mozilla/5.0 (Macintosh; U; Intel Mac OS X 10_5_8; en-US) AppleWebKit/534.7 (KHTML, like Gecko) Chrome/7.0.517.41 Safari/534.7"
96.238.43.133 - - [25/Oct/2010:21:34:17 -0700] "GET /all-nighter.com/wp-content/plugins/contact-form-7/styles.css?ver=2.4.1 HTTP/1.1" 304 - "http://all-nighter.com/?p=2310&preview=true" "Mozilla/5.0 (Macintosh; U; Intel Mac OS X 10_5_8; en-US) AppleWebKit/534.7 (KHTML, like Gecko) Chrome/7.0.517.41 Safari/534.7"
96.238.43.133 - - [25/Oct/2010:21:34:17 -0700] "GET /all-nighter.com/wp-includes/js/jquery/jquery.js?ver=1.4.2 HTTP/1.1" 304 - "http://all-nighter.com/?p=2310&preview=true" "Mozilla/5.0 (Macintosh; U; Intel Mac OS X 10_5_8; en-US) AppleWebKit/534.7 (KHTML, like Gecko) Chrome/7.0.517.41 Safari/534.7"
96.238.43.133 - - [25/Oct/2010:21:34:17 -0700] "GET /all-nighter.com/wp-content/plugins/nextgen-gallery/shutter/shutter-reloaded.js?ver=1.3.0 HTTP/1.1" 304 - "http://all-nighter.com/?p=2310&preview=true" "Mozilla/5.0 (Macintosh; U; Intel Mac OS X 10_5_8; en-US) AppleWebKit/534.7 (KHTML, like Gecko) Chrome/7.0.517.41 Safari/534.7"
96.238.43.133 - - [25/Oct/2010:21:34:17 -0700] "GET /all-nighter.com/wp-content/plugins/collapsing-archives/collapsFunctions.js?ver=1.7 HTTP/1.1" 304 - "http://all-nighter.com/?p=2310&preview=true" "Mozilla/5.0 (Macintosh; U; Intel Mac OS X 10_5_8; en-US) AppleWebKit/534.7 (KHTML, like Gecko) Chrome/7.0.517.41 Safari/534.7"
96.238.43.133 - - [25/Oct/2010:21:34:17 -0700] "GET /all-nighter.com/wp-content/plugins/degradable-html5-audio-and-video/incl/audio-player.js HTTP/1.1" 304 - "http://all-nighter.com/?p=2310&preview=true" "Mozilla/5.0 (Macintosh; U; Intel Mac OS X 10_5_8; en-US) AppleWebKit/534.7 (KHTML, like Gecko) Chrome/7.0.517.41 Safari/534.7"
96.238.43.133 - - [25/Oct/2010:21:34:17 -0700] "GET /all-nighter.com/wp-content/plugins/tdo-mini-forms/tdomf-style-form.css HTTP/1.1" 304 - "http://all-nighter.com/?p=2310&preview=true" "Mozilla/5.0 (Macintosh; U; Intel Mac OS X 10_5_8; en-US) AppleWebKit/534.7 (KHTML, like Gecko) Chrome/7.0.517.41 Safari/534.7"
96.238.43.133 - - [25/Oct/2010:21:34:17 -0700] "GET /all-nighter.com/wp-content/plugins/contact-form-7/jquery.form.js?ver=2.47 HTTP/1.1" 304 - "http://all-nighter.com/?p=2310&preview=true" "Mozilla/5.0 (Macintosh; U; Intel Mac OS X 10_5_8; en-US) AppleWebKit/534.7 (KHTML, like Gecko) Chrome/7.0.517.41 Safari/534.7"
96.238.43.133 - - [25/Oct/2010:21:34:17 -0700] "GET /all-nighter.com/wp-content/themes/newspaper/images/logo.png HTTP/1.1" 304 - "http://all-nighter.com/?p=2310&preview=true" "Mozilla/5.0 (Macintosh; U; Intel Mac OS X 10_5_8; en-US) AppleWebKit/534.7 (KHTML, like Gecko) Chrome/7.0.517.41 Safari/534.7"
96.238.43.133 - - [25/Oct/2010:21:34:17 -0700] "GET /all-nighter.com/wp-content/plugins/contact-form-7/scripts.js?ver=2.4.1 HTTP/1.1" 304 - "http://all-nighter.com/?p=2310&preview=true" "Mozilla/5.0 (Macintosh; U; Intel Mac OS X 10_5_8; en-US) AppleWebKit/534.7 (KHTML, like Gecko) Chrome/7.0.517.41 Safari/534.7"
96.238.43.133 - - [25/Oct/2010:21:34:17 -0700] "GET /all-nighter.com/wp-content/themes/newspaper/images/RISDlogo.png HTTP/1.1" 304 - "http://all-nighter.com/?p=2310&preview=true" "Mozilla/5.0 (Macintosh; U; Intel Mac OS X 10_5_8; en-US) AppleWebKit/534.7 (KHTML, like Gecko) Chrome/7.0.517.41 Safari/534.7"
96.238.43.133 - - [25/Oct/2010:21:34:17 -0700] "GET /all-nighter.com/wp-content/themes/newspaper/images/magnifying_glass.png HTTP/1.1" 304 - "http://all-nighter.com/?p=2310&preview=true" "Mozilla/5.0 (Macintosh; U; Intel Mac OS X 10_5_8; en-US) AppleWebKit/534.7 (KHTML, like Gecko) Chrome/7.0.517.41 Safari/534.7"
96.238.43.133 - - [25/Oct/2010:21:34:17 -0700] "GET /all-nighter.com/wp-content/themes/newspaper/images/excuse.png HTTP/1.1" 304 - "http://all-nighter.com/?p=2310&preview=true" "Mozilla/5.0 (Macintosh; U; Intel Mac OS X 10_5_8; en-US) AppleWebKit/534.7 (KHTML, like Gecko) Chrome/7.0.517.41 Safari/534.7"
140.115.11.253 - - [25/Oct/2010:21:34:34 -0700] "GET /all-nighter.com/wp-content/themes/newspaper/images/magnifying_glass_hover.png HTTP/1.1" 200 452 "http://all-nighter.com/news/risd-by-design-weekend-2010/" "Mozilla/5.0 (X11; U; Linux x86_64; en-US) AppleWebKit/534.3 (KHTML, like Gecko) Ubuntu/10.04 Chromium/6.0.472.62 Chrome/6.0.472.62 Safari/534.3"
140.115.11.253 - - [25/Oct/2010:21:34:36 -0700] "GET /all-nighter.com/category/lifestyle/ HTTP/1.1" 200 5832 "http://all-nighter.com/news/risd-by-design-weekend-2010/" "Mozilla/5.0 (X11; U; Linux x86_64; en-US) AppleWebKit/534.3 (KHTML, like Gecko) Ubuntu/10.04 Chromium/6.0.472.62 Chrome/6.0.472.62 Safari/534.3"
140.115.11.253 - - [25/Oct/2010:21:34:39 -0700] "GET /all-nighter.com/wp-content/uploads/2010/10/bathroom.png HTTP/1.1" 200 40903 "http://all-nighter.com/category/lifestyle/" "Mozilla/5.0 (X11; U; Linux x86_64; en-US) AppleWebKit/534.3 (KHTML, like Gecko) Ubuntu/10.04 Chromium/6.0.472.62 Chrome/6.0.472.62 Safari/534.3"
140.115.11.253 - - [25/Oct/2010:21:34:39 -0700] "GET /all-nighter.com/wp-content/uploads/2010/10/illus_small_copy.jpg HTTP/1.1" 200 27749 "http://all-nighter.com/category/lifestyle/" "Mozilla/5.0 (X11; U; Linux x86_64; en-US) AppleWebKit/534.3 (KHTML, like Gecko) Ubuntu/10.04 Chromium/6.0.472.62 Chrome/6.0.472.62 Safari/534.3"
140.115.11.253 - - [25/Oct/2010:21:34:39 -0700] "GET /all-nighter.com/wp-content/uploads/2010/10/robe-thumb.jpg HTTP/1.1" 200 37041 "http://all-nighter.com/category/lifestyle/" "Mozilla/5.0 (X11; U; Linux x86_64; en-US) AppleWebKit/534.3 (KHTML, like Gecko) Ubuntu/10.04 Chromium/6.0.472.62 Chrome/6.0.472.62 Safari/534.3"
140.115.11.253 - - [25/Oct/2010:21:34:39 -0700] "GET /all-nighter.com/wp-content/uploads/2010/10/twogirlsthumb.jpg HTTP/1.1" 200 32618 "http://all-nighter.com/category/lifestyle/" "Mozilla/5.0 (X11; U; Linux x86_64; en-US) AppleWebKit/534.3 (KHTML, like Gecko) Ubuntu/10.04 Chromium/6.0.472.62 Chrome/6.0.472.62 Safari/534.3"
140.115.11.253 - - [25/Oct/2010:21:34:40 -0700] "GET /all-nighter.com/wp-content/uploads/2010/10/cup-n-rol-thumb.jpg HTTP/1.1" 200 34311 "http://all-nighter.com/category/lifestyle/" "Mozilla/5.0 (X11; U; Linux x86_64; en-US) AppleWebKit/534.3 (KHTML, like Gecko) Ubuntu/10.04 Chromium/6.0.472.62 Chrome/6.0.472.62 Safari/534.3"
140.115.11.253 - - [25/Oct/2010:21:34:39 -0700] "GET /all-nighter.com/wp-content/uploads/2010/10/moobella-thumb1.jpg HTTP/1.1" 200 584745 "http://all-nighter.com/category/lifestyle/" "Mozilla/5.0 (X11; U; Linux x86_64; en-US) AppleWebKit/534.3 (KHTML, like Gecko) Ubuntu/10.04 Chromium/6.0.472.62 Chrome/6.0.472.62 Safari/534.3"
140.115.11.253 - - [25/Oct/2010:21:34:39 -0700] "GET /all-nighter.com/wp-content/uploads/2010/10/compass-section.jpg HTTP/1.1" 200 741131 "http://all-nighter.com/category/lifestyle/" "Mozilla/5.0 (X11; U; Linux x86_64; en-US) AppleWebKit/534.3 (KHTML, like Gecko) Ubuntu/10.04 Chromium/6.0.472.62 Chrome/6.0.472.62 Safari/534.3"
77.88.43.26 - - [25/Oct/2010:21:57:06 -0700] "GET /all-nighter.com/author/rpry/feed/ HTTP/1.1" 302 20 "-" "Mozilla/5.0 (compatible; YandexBot/3.0; +http://yandex.com/bots)"
